<?xml version="1.0" encoding="utf-8"?><testsuites><testsuite name="pytest" errors="0" failures="0" skipped="0" tests="28" time="27.989" timestamp="2025-05-06T19:53:25.166153+02:00" hostname="Geekster"><testcase classname="tests.unit.test_extra_coverage" name="test_get_data_save_exception" file="tests/unit/test_extra_coverage.py" line="11" time="0.024" /><testcase classname="tests.unit.test_extra_coverage" name="test_get_clean_data_save_exception" file="tests/unit/test_extra_coverage.py" line="31" time="0.040" /><testcase classname="tests.unit.test_extra_coverage" name="test_setup_logger_success" file="tests/unit/test_extra_coverage.py" line="58" time="0.004" /><testcase classname="tests.unit.test_extra_coverage" name="test_plot_distribution_default" file="tests/unit/test_extra_coverage.py" line="95" time="3.994" /><testcase classname="tests.unit.test_extra_coverage" name="test_interactive_plot_distribution_default" file="tests/unit/test_extra_coverage.py" line="109" time="0.232" /><testcase classname="tests.unit.test_extra_coverage" name="test_pdf_header_footer_and_generate_report_with_images" file="tests/unit/test_extra_coverage.py" line="128" time="0.013" /><testcase classname="tests.unit.test_extra_coverage" name="test_generate_report_main_block" file="tests/unit/test_extra_coverage.py" line="161" time="0.007" /><testcase classname="tests.unit.test_extra_coverage" name="test_handle_missing_data" file="src/generate_report.py" line="114" time="0.010" /><testcase classname="tests.unit.test_extra_coverage" name="test_internal_module_test_handle_missing_data" file="tests/unit/test_extra_coverage.py" line="181" time="0.005" /><testcase classname="tests.unit.test_extra_coverage" name="test_generate_report_with_existing_images" file="tests/unit/test_extra_coverage.py" line="191" time="0.007" /><testcase classname="tests.unit.test_scripts" name="test_detect_anomalies_columns_and_output" file="tests/unit/test_scripts.py" line="18" time="0.519" /><testcase classname="tests.unit.test_scripts" name="test_detect_anomalies_lof_mapping" file="tests/unit/test_scripts.py" line="26" time="0.011" /><testcase classname="tests.unit.test_scripts" name="test_clean_data_drops_missing" file="tests/unit/test_scripts.py" line="32" time="0.003" /><testcase classname="tests.unit.test_scripts" name="test_normalize_and_standardize_behavior" file="tests/unit/test_scripts.py" line="37" time="0.017" /><testcase classname="tests.unit.test_scripts" name="test_add_features_ratios_and_zero_division" file="tests/unit/test_scripts.py" line="49" time="0.004" /><testcase classname="tests.unit.test_scripts" name="test_preprocess_data_pipeline" file="tests/unit/test_scripts.py" line="55" time="0.025" /><testcase classname="tests.unit.test_scripts" name="test_load_data_success_and_failure" file="tests/unit/test_scripts.py" line="61" time="0.010" /><testcase classname="tests.unit.test_scripts" name="test_simulate_data_and_print" file="tests/unit/test_scripts.py" line="77" time="0.004" /><testcase classname="tests.unit.test_scripts" name="test_get_data_branches" file="tests/unit/test_scripts.py" line="84" time="0.022" /><testcase classname="tests.unit.test_scripts" name="test_get_clean_data_branches" file="tests/unit/test_scripts.py" line="104" time="0.025" /><testcase classname="tests.unit.test_scripts" name="test_handle_missing_data_function" file="tests/unit/test_scripts.py" line="123" time="0.003" /><testcase classname="tests.unit.test_scripts" name="test_generate_report_success_and_error" file="tests/unit/test_scripts.py" line="128" time="0.007" /><testcase classname="tests.unit.test_scripts" name="test_save_to_csv_success_and_failure" file="tests/unit/test_scripts.py" line="155" time="0.007" /><testcase classname="tests.unit.test_scripts" name="test_get_column_summary_values" file="tests/unit/test_scripts.py" line="170" time="0.005" /><testcase classname="tests.unit.test_scripts" name="test_plot_metrics_and_distribution_and_interactive" file="tests/unit/test_scripts.py" line="179" time="1.278" /><testcase classname="tests.integration.test_end_to_end" name="test_end_to_end_pipeline" file="tests/integration/test_end_to_end.py" line="15" time="1.338" /><testcase classname="tests.integration.test_main_pipeline" name="test_main_generates_all_outputs" file="tests/integration/test_main_pipeline.py" line="8" time="1.783" /><testcase classname="tests.integration.test_main_pipeline" name="test_main_entry_point_runs_main" file="tests/integration/test_main_pipeline.py" line="31" time="1.432" /></testsuite></testsuites>